node.exe : [baseline-b
rowser-mapping] The 
data in this module 
is over two months 
old.  To ensure 
accurate Baseline 
data, please update: 
`npm i baseline-browse
r-mapping@latest -D`
At C:\Program Files\no
dejs\npx.ps1:29 char:3
+   & $NODE_EXE 
$NPX_CLI_JS $args
+   ~~~~~~~~~~~~~~~~~~
~~~~~~~~~~~
    + CategoryInfo    
          : NotSpeci  
  fied: ([baseline-   
 brows...ping@late    
st -D`:String) []    
, RemoteException
    + FullyQualifiedE 
   rrorId : NativeCo  
  mmandError
 
[baseline-browser-mapp
ing] The data in this 
module is over two 
months old.  To 
ensure accurate 
Baseline data, please 
update: `npm i baselin
e-browser-mapping@late
st -D`
(node:14632) 
[DEP0040] 
DeprecationWarning: 
The `punycode` module 
is deprecated. Please 
use a userland 
alternative instead.
(Use `node 
--trace-deprecation 
...` to show where 
the warning was 
created)
FAIL src/__tests__/rep
ortWebVitals.test.js
  reportWebVitals
    ΓêÜ does nothing 
when diagnostics 
disabled (7 ms)
    ├ù reports 
metrics to callback 
and window sink when 
enabled (2 ms)

  ΓùÅ reportWebVitals 
ΓÇ║ reports metrics 
to callback and 
window sink when 
enabled

    expect(jest.fn()).
toHaveBeenCalledTimes(
expected)

    Expected number 
of calls: 5
    Received number 
of calls: 0

    [0m [90m 42 
|[39m     
[36mawait[39m [33mP
romise[39m[33m.[39m
resolve()[33m;[39m
     [90m 43 |[39m
    [31m[1m>[22m[3
9m[90m 44 |[39m     
expect(onPerfEntry)[3
3m.[39mtoHaveBeenCall
edTimes([35m5[39m)[
33m;[39m
     [90m    |[39m  
                      
 [31m[1m^[22m[39m
     [90m 45 |[39m  
   expect(window[33m.
[39m__PERF_WEB_VITALS
__)[33m.[39mtoHaveLe
ngth([35m5[39m)[33m
;[39m
     [90m 46 |[39m  
   expect(window[33m.
[39m__PERF_WEB_VITALS
__[[35m0[39m])[33m.
[39mtoEqual({ 
name[33m:[39m [32m'
CLS'[39m[33m,[39m 
value[33m:[39m 
[35m1[39m 
})[33m;[39m
     [90m 47 |[39m  
 })[33m;[39m[0m

      at 
Object.<anonymous> (sr
c/__tests__/reportWebV
itals.test.js:44:25)

(node:16876) 
[DEP0040] 
DeprecationWarning: 
The `punycode` module 
is deprecated. Please 
use a userland 
alternative instead.
(Use `node 
--trace-deprecation 
...` to show where 
the warning was 
created)
FAIL src/__tests__/api
.test.js
  api
    ΓêÜ request 
interceptor adds auth 
token, trace headers, 
and perf metadata (42 
ms)
    ├ù rate-limit 
gate rejects non-auth 
requests during 
backoff and bypasses 
auth endpoints (11 ms)
    ΓêÜ response 
success logs perf 
metrics when enabled 
(9 ms)
    ΓêÜ 401 refresh 
flow retries requests 
and resolves queued 
requests (10 ms)
    ΓêÜ 401 refresh 
failure clears auth 
and redirects (10 ms)
    ΓêÜ 401 token 
revoked clears auth 
and redirects (4 ms)
    ΓêÜ response 
error logs perf 
metrics when enabled 
(3 ms)
    ΓêÜ exports API 
methods that call 
axios instance (7 ms)

  ΓùÅ api ΓÇ║ 
rate-limit gate 
rejects non-auth 
requests during 
backoff and bypasses 
auth endpoints

    expect(received).r
esolves.toEqual()

    Matcher error: 
received value must 
be a promise

    Received has 
type:  object
    Received has 
value: {"headers": 
{"X-Trace-Id": "t1"}, 
"url": "/auth/login"}

    [0m [90m 79 
|[39m     
[36mawait[39m 
expect(
     [90m 80 |[39m  
     
requestInterceptor({ 
url[33m:[39m [32m'/
auth/login'[39m[33m,
[39m 
headers[33m:[39m {} 
})
    [31m[1m>[22m[3
9m[90m 81 |[39m     
)[33m.[39mresolves[
33m.[39mtoEqual(expec
t[33m.[39mobjectCont
aining({ 
url[33m:[39m [32m'/
auth/login'[39m 
}))[33m;[39m
     [90m    |[39m  
              
[31m[1m^[22m[39m
     [90m 82 |[39m
     [90m 83 |[39m  
   warn[33m.[39mmock
Restore()[33m;[39m
     [90m 84 |[39m  
 })[33m;[39m[0m

      at 
Object.toEqual (node_m
odules/expect/build/in
dex.js:229:13)
      at 
Object.<anonymous> (sr
c/__tests__/api.test.j
s:81:16)

Test Suites: 2 
failed, 2 total
Tests:       2 
failed, 8 passed, 10 
total
Snapshots:   0 total
Time:        4.586 s
Ran all test suites 
matching /(api|reportW
ebVitals)/i.
